g++ -c -I../numini/ -I/home/froger/miniconda3/envs/numini/include main.cxx
g++ -c -I../numini/ -I/home/froger/miniconda3/envs/numini/include param.cxx
param.cxx: In member function ‘void Parameters::read_config_file(std::string)’:
param.cxx:33:16: error: ambiguous overload for ‘operator=’ (operand types are ‘std::string {aka std::basic_string<char>}’ and ‘numini::Node’)
     m_position = ini("position");
                ^
param.cxx:33:16: note: candidates are:
In file included from /usr/include/c++/4.9/string:52:0,
                 from /usr/include/c++/4.9/bits/locale_classes.h:40,
                 from /usr/include/c++/4.9/bits/ios_base.h:41,
                 from /usr/include/c++/4.9/ios:42,
                 from /usr/include/c++/4.9/istream:38,
                 from /usr/include/c++/4.9/sstream:38,
                 from ../numini/numini/reader.hxx:4,
                 from param.hxx:4,
                 from param.cxx:1:
/usr/include/c++/4.9/bits/basic_string.h:554:7: note: std::basic_string<_CharT, _Traits, _Alloc>& std::basic_string<_CharT, _Traits, _Alloc>::operator=(const std::basic_string<_CharT, _Traits, _Alloc>&) [with _CharT = char; _Traits = std::char_traits<char>; _Alloc = std::allocator<char>]
       operator=(const basic_string& __str) 
       ^
/usr/include/c++/4.9/bits/basic_string.h:562:7: note: std::basic_string<_CharT, _Traits, _Alloc>& std::basic_string<_CharT, _Traits, _Alloc>::operator=(const _CharT*) [with _CharT = char; _Traits = std::char_traits<char>; _Alloc = std::allocator<char>]
       operator=(const _CharT* __s) 
       ^
/usr/include/c++/4.9/bits/basic_string.h:573:7: note: std::basic_string<_CharT, _Traits, _Alloc>& std::basic_string<_CharT, _Traits, _Alloc>::operator=(_CharT) [with _CharT = char; _Traits = std::char_traits<char>; _Alloc = std::allocator<char>]
       operator=(_CharT __c) 
       ^
Makefile:8: recipe for target 'param.o' failed
make: *** [param.o] Error 1
